-3.1337
"-3.1337"
"-3.1337"
1
100000000000
"100000000000"
"100000000000"
1
9007199254740992
"9007199254740992"
"9007199254740992"
1
