55
(1,2,-4)
{"A":11,"B":33}
{"A":(1,0),"B":(0,1),"C":(-1,0),"D":(-0,-1)}
33
(122,133)
(111,122)
(111,222)
(111,222,133)
(111,222)
{"White":15,"Brown":42,"Speckled":30}
{"White":23,"Brown":43,"Speckled":27,"Blue":35}
{"White":110,"Brown":134,"Speckled":127}
{"White":210,"Brown":234,"Speckled":227}
{"alpha":(1100,4400),"beta":(3300,8800)}
{"alpha":(1100,4400),"beta":(3300,8800)}
{"White":28,"Brown":51,"Speckled":30,"Blue":35}
