2147483647
26
0
+----------+------+-----+
| text     | font | arg |
+----------+------+-----+
| "simple" | ""   | ""  |
+----------+------+-----+
+--------+--------+------+
| text   | font   | arg  |
+--------+--------+------+
| "more" | "menu" | "23" |
+--------+--------+------+
1
2
0
-1
0
0
4
9
13
0
7
8
+----------+------+-----+
| text     | font | arg |
+----------+------+-----+
| "single" | ""   | ""  |
+----------+------+-----+
+------------------+--------+------------------+
| text             | font   | arg              |
+------------------+--------+------------------+
| "Hello"          | "menu" | ""               |
| "how about "     | ""     | ""               |
| "some"           | "mono" | ""               |
| " salsa? never " | ""     | ""               |
| "mind."          | ""     | "the_brain_page" |
+------------------+--------+------------------+
+--------------+------+------------------+
| text         | font | arg              |
+--------------+------+------------------+
| "one never " | ""   | ""               |
| "mind."      | ""   | "the_brain_page" |
| "another"    | ""   | ""               |
+--------------+------+------------------+
+------+------+---------+
| text | font | arg     |
+------+------+---------+
| "i"  | ""   | <image> |
+------+------+---------+
"ohow about some"
+------+-----+--------+
| font | arg | text   |
+------+-----+--------+
| ""   | ""  | " abo" |
+------+-----+--------+
+--------+-----+--------------+
| font   | arg | text         |
+--------+-----+--------------+
| "menu" | ""  | "o"          |
| ""     | ""  | "how about " |
| "mono" | ""  | "some"       |
+--------+-----+--------------+
+------+------+-----+
| text | font | arg |
+------+------+-----+
+------+------+-----+
| text | font | arg |
+------+------+-----+
()
()
()
+----------------+------+-----+
| text           | font | arg |
+----------------+------+-----+
| "first|"       | "f0" | ""  |
| "second|third" | "f1" | ""  |
| "|fourth"      | "f2" | ""  |
+----------------+------+-----+
--d1--
+---------+------+-----+
| text    | font | arg |
+---------+------+-----+
| "first" | "f0" | ""  |
+---------+------+-----+
+----------+------+-----+
| text     | font | arg |
+----------+------+-----+
| "second" | "f1" | ""  |
+----------+------+-----+
+---------+------+-----+
| text    | font | arg |
+---------+------+-----+
| "third" | "f1" | ""  |
+---------+------+-----+
+----------+------+-----+
| text     | font | arg |
+----------+------+-----+
| "fourth" | "f2" | ""  |
+----------+------+-----+
--d2--
+-------------+------+-----+
| text        | font | arg |
+-------------+------+-----+
| "first one" | "f1" | ""  |
+-------------+------+-----+
+----------+------+-----+
| text     | font | arg |
+----------+------+-----+
| "second" | "f1" | ""  |
| " one"   | "f2" | ""  |
+----------+------+-----+
+-------------+------+-----+
| text        | font | arg |
+-------------+------+-----+
| "third one" | "f3" | ""  |
+-------------+------+-----+
+------+------+-----+
| text | font | arg |
+------+------+-----+
1
1
1
+---------------+--------+-----+
| text          | font   | arg |
+---------------+--------+-----+
| "Hello"       | "menu" | ""  |
| "how about "  | ""     | ""  |
| "some"        | "mono" | ""  |
| " pineapple?" | ""     | ""  |
+---------------+--------+-----+
+--------------+--------+-----+
| text         | font   | arg |
+--------------+--------+-----+
| "Hello"      | "menu" | ""  |
| "how about " | ""     | ""  |
| "some"       | "mono" | ""  |
| " sal{C}"    | ""     | ""  |
+--------------+--------+-----+
+--------------+--------+-----+
| text         | font   | arg |
+--------------+--------+-----+
| "He"         | "menu" | ""  |
| "{L}{L}"     | ""     | ""  |
| "o"          | "menu" | ""  |
| "how about " | ""     | ""  |
| "some"       | "mono" | ""  |
| " sa{L}sa?"  | ""     | ""  |
+--------------+--------+-----+
+---------------+--------+-----+
| text          | font   | arg |
+---------------+--------+-----+
| "?!?how ?!? " | ""     | ""  |
| "some"        | "mono" | ""  |
| " salsa?"     | ""     | ""  |
+---------------+--------+-----+
+---------------+--------+-----+
| text          | font   | arg |
+---------------+--------+-----+
| "{A}how {B} " | ""     | ""  |
| "some"        | "mono" | ""  |
| " salsa?"     | ""     | ""  |
+---------------+--------+-----+
+-----------+--------+--------------------+
| text      | font   | arg                |
+-----------+--------+--------------------+
| "Hello"   | "menu" | ""                 |
| "how "    | ""     | ""                 |
| "ABOUT"   | "menu" | "http://about.com" |
| " "       | ""     | ""                 |
| "some"    | "mono" | ""                 |
| " salsa?" | ""     | ""                 |
+-----------+--------+--------------------+
+--------------+------+-----+
| text         | font | arg |
+--------------+------+-----+
| "Q Q Q none" | ""   | ""  |
+--------------+------+-----+
()
()
((0,0),(1,1),(2,2))
((5,8))
((0,3),(8,11),(12,15))
()
((3,4),(7,8))
((4,7),(12,17))
((4,5),(20,21))
((4,5),(10,11),(12,13),(20,21))
((0,3),(3,6))
