("one","three","five")
({"a":"new","b":"two"},{"a":"new","b":"four"},{"a":"new","b":"six"})
({"a":"one","b":"two"},{"a":"three","b":"four"},{"a":"five","b":"six"})
({"a":"new","b":"two"},{"a":"new","b":"four"},{"a":"new","b":"six"})
(33,77)
(("D","D","D","E","E","E"),("Q","Q"))
("D","Q")
("B","D")
({"a":99,"b":32},{"a":99,"b":32},{"a":99,"b":32})
({"a":5,"b":"two"},{"a":5,"b":"four"},{"a":5,"b":"six"})
